#-----------------------------------------------------------
# Webtalk v2020.2 (64-bit)
# SW Build 3064766 on Wed Nov 18 09:12:45 MST 2020
# IP Build 3064653 on Wed Nov 18 14:17:31 MST 2020
# Start of session at: Mon Sep 13 11:02:41 2021
# Process ID: 16292
# Current directory: C:/DESD/Projects/LAB0_02_PulseWidthModulator_project.xpr/LAB0_PulseWidthModulator_project/LAB0_PulseWidthModulator_project.sim/sim_1/behav/xsim
# Command line: wbtcv.exe -mode batch -source C:/DESD/Projects/LAB0_02_PulseWidthModulator_project.xpr/LAB0_PulseWidthModulator_project/LAB0_PulseWidthModulator_project.sim/sim_1/behav/xsim/xsim.dir/tb_PulseWidthModulator_behav/webtalk/xsim_webtalk.tcl -notrace
# Log file: C:/DESD/Projects/LAB0_02_PulseWidthModulator_project.xpr/LAB0_PulseWidthModulator_project/LAB0_PulseWidthModulator_project.sim/sim_1/behav/xsim/webtalk.log
# Journal file: C:/DESD/Projects/LAB0_02_PulseWidthModulator_project.xpr/LAB0_PulseWidthModulator_project/LAB0_PulseWidthModulator_project.sim/sim_1/behav/xsim\webtalk.jou
#-----------------------------------------------------------
source C:/DESD/Projects/LAB0_02_PulseWidthModulator_project.xpr/LAB0_PulseWidthModulator_project/LAB0_PulseWidthModulator_project.sim/sim_1/behav/xsim/xsim.dir/tb_PulseWidthModulator_behav/webtalk/xsim_webtalk.tcl -notrace
