Copyright 1986-2020 Xilinx, Inc. All Rights Reserved.
-------------------------------------------------------------------------------------------
| Tool Version : Vivado v.2020.2 (win64) Build 3064766 Wed Nov 18 09:12:45 MST 2020
| Date         : Sat Mar  6 11:57:31 2021
| Host         : DESKTOP-0BA32RO running 64-bit major release  (build 9200)
| Command      : report_control_sets -verbose -file top_bd_wrapper_control_sets_placed.rpt
| Design       : top_bd_wrapper
| Device       : xc7a35t
-------------------------------------------------------------------------------------------

Control Set Information

Table of Contents
-----------------
1. Summary
2. Histogram
3. Flip-Flop Distribution
4. Detailed Control Set Information

1. Summary
----------

+----------------------------------------------------------+-------+
|                          Status                          | Count |
+----------------------------------------------------------+-------+
| Total control sets                                       |    18 |
|    Minimum number of control sets                        |    18 |
|    Addition due to synthesis replication                 |     0 |
|    Addition due to physical synthesis replication        |     0 |
| Unused register locations in slices containing registers |    59 |
+----------------------------------------------------------+-------+
* Control sets can be merged at opt_design using control_set_merge or merge_equivalent_drivers
** Run report_qor_suggestions for automated merging and remapping suggestions


2. Histogram
------------

+--------------------+-------+
|       Fanout       | Count |
+--------------------+-------+
| Total control sets |    18 |
| >= 0 to < 4        |     0 |
| >= 4 to < 6        |     3 |
| >= 6 to < 8        |     0 |
| >= 8 to < 10       |     2 |
| >= 10 to < 12      |     3 |
| >= 12 to < 14      |     2 |
| >= 14 to < 16      |     2 |
| >= 16              |     6 |
+--------------------+-------+
* Control sets can be remapped at either synth_design or opt_design


3. Flip-Flop Distribution
-------------------------

+--------------+-----------------------+------------------------+-----------------+--------------+
| Clock Enable | Synchronous Set/Reset | Asynchronous Set/Reset | Total Registers | Total Slices |
+--------------+-----------------------+------------------------+-----------------+--------------+
| No           | No                    | No                     |             163 |           39 |
| No           | No                    | Yes                    |               5 |            2 |
| No           | Yes                   | No                     |             101 |           36 |
| Yes          | No                    | No                     |               4 |            1 |
| Yes          | No                    | Yes                    |              16 |            3 |
| Yes          | Yes                   | No                     |             156 |           42 |
+--------------+-----------------------+------------------------+-----------------+--------------+


4. Detailed Control Set Information
-----------------------------------

+-----------------------------------+--------------------------------------------------------------------------------------------------------+----------------------------------------------------------------------------------------------------------------------------------------------------+------------------+----------------+--------------+
|            Clock Signal           |                                              Enable Signal                                             |                                                                  Set/Reset Signal                                                                  | Slice Load Count | Bel Load Count | Bels / Slice |
+-----------------------------------+--------------------------------------------------------------------------------------------------------+----------------------------------------------------------------------------------------------------------------------------------------------------+------------------+----------------+--------------+
|  top_bd_i/clk_wiz_0/inst/clk_out1 |                                                                                                        | top_bd_i/AXI4Stream_UART_0/U0/FIFO_DATA_TX/gnuram_async_fifo.xpm_fifo_base_inst/xpm_fifo_rst_inst/FSM_onehot_gen_rst_ic.curr_wrst_state[4]_i_1_n_0 |                2 |              4 |         2.00 |
|  top_bd_i/clk_wiz_0/inst/clk_out1 |                                                                                                        | top_bd_i/AXI4Stream_UART_0/U0/FIFO_DATA_RX/gnuram_async_fifo.xpm_fifo_base_inst/xpm_fifo_rst_inst/FSM_onehot_gen_rst_ic.curr_wrst_state[4]_i_1_n_0 |                2 |              4 |         2.00 |
|  top_bd_i/clk_wiz_0/inst/clk_out1 | top_bd_i/AXI4Stream_UART_0/U0/UART_Manager_inst/Inst_uart/rx_baud_tick_reg_n_0                         |                                                                                                                                                    |                1 |              4 |         4.00 |
|  top_bd_i/clk_wiz_0/inst/clk_out1 | top_bd_i/AXI4Stream_UART_0/U0/UART_Manager_inst/Inst_uart/E[0]                                         | reset_IBUF                                                                                                                                         |                2 |              8 |         4.00 |
|  top_bd_i/clk_wiz_0/inst/clk_out1 | top_bd_i/AXI4Stream_UART_0/U0/UART_Manager_inst/data_stream_in[7]_i_1_n_0                              | reset_IBUF                                                                                                                                         |                1 |              8 |         8.00 |
|  top_bd_i/clk_wiz_0/inst/clk_out1 | top_bd_i/AXI4Stream_UART_0/U0/UART_Manager_inst/Inst_uart/uart_tx_count[2]_i_1_n_0                     | reset_IBUF                                                                                                                                         |                3 |             10 |         3.33 |
|  top_bd_i/clk_wiz_0/inst/clk_out1 | top_bd_i/axi4stream_divisor_0/U0/sum_n_0                                                               | reset_IBUF                                                                                                                                         |                3 |             10 |         3.33 |
|  top_bd_i/clk_wiz_0/inst/clk_out1 | top_bd_i/AXI4Stream_UART_0/U0/UART_Manager_inst/Inst_uart/uart_rx_data_vec                             | reset_IBUF                                                                                                                                         |                3 |             11 |         3.67 |
|  top_bd_i/clk_wiz_0/inst/clk_out1 |                                                                                                        | top_bd_i/AXI4Stream_UART_0/U0/FIFO_DATA_TX/gnuram_async_fifo.xpm_fifo_base_inst/xpm_fifo_rst_inst/wrst_busy                                        |                3 |             12 |         4.00 |
|  top_bd_i/clk_wiz_0/inst/clk_out1 |                                                                                                        | top_bd_i/AXI4Stream_UART_0/U0/FIFO_DATA_RX/gnuram_async_fifo.xpm_fifo_base_inst/xpm_fifo_rst_inst/wrst_busy                                        |                5 |             12 |         2.40 |
|  top_bd_i/clk_wiz_0/inst/clk_out1 |                                                                                                        | top_bd_i/AXI4Stream_UART_0/U0/FIFO_DATA_TX/gnuram_async_fifo.xpm_fifo_base_inst/xpm_fifo_rst_inst/gen_rst_ic.fifo_rd_rst_ic_reg_0                  |                7 |             15 |         2.14 |
|  top_bd_i/clk_wiz_0/inst/clk_out1 |                                                                                                        | top_bd_i/AXI4Stream_UART_0/U0/FIFO_DATA_RX/gnuram_async_fifo.xpm_fifo_base_inst/xpm_fifo_rst_inst/gen_rst_ic.fifo_rd_rst_ic_reg_0                  |                5 |             15 |         3.00 |
|  top_bd_i/clk_wiz_0/inst/clk_out1 | top_bd_i/AXI4Stream_UART_0/U0/FIFO_DATA_RX/gnuram_async_fifo.xpm_fifo_base_inst/rdp_inst/E[0]          | top_bd_i/AXI4Stream_UART_0/U0/FIFO_DATA_RX/gnuram_async_fifo.xpm_fifo_base_inst/xpm_fifo_rst_inst/gen_rst_ic.fifo_rd_rst_ic_reg_0                  |                6 |             23 |         3.83 |
|  top_bd_i/clk_wiz_0/inst/clk_out1 | top_bd_i/AXI4Stream_UART_0/U0/FIFO_DATA_TX/gnuram_async_fifo.xpm_fifo_base_inst/rdp_inst/E[0]          | top_bd_i/AXI4Stream_UART_0/U0/FIFO_DATA_TX/gnuram_async_fifo.xpm_fifo_base_inst/xpm_fifo_rst_inst/gen_rst_ic.fifo_rd_rst_ic_reg_0                  |                6 |             23 |         3.83 |
|  top_bd_i/clk_wiz_0/inst/clk_out1 | top_bd_i/AXI4Stream_UART_0/U0/FIFO_DATA_RX/gnuram_async_fifo.xpm_fifo_base_inst/xpm_fifo_rst_inst/E[0] | top_bd_i/AXI4Stream_UART_0/U0/FIFO_DATA_RX/gnuram_async_fifo.xpm_fifo_base_inst/xpm_fifo_rst_inst/wrst_busy                                        |                9 |             34 |         3.78 |
|  top_bd_i/clk_wiz_0/inst/clk_out1 |                                                                                                        | reset_IBUF                                                                                                                                         |               14 |             44 |         3.14 |
|  top_bd_i/clk_wiz_0/inst/clk_out1 | top_bd_i/AXI4Stream_UART_0/U0/FIFO_DATA_TX/gnuram_async_fifo.xpm_fifo_base_inst/xpm_fifo_rst_inst/E[0] | top_bd_i/AXI4Stream_UART_0/U0/FIFO_DATA_TX/gnuram_async_fifo.xpm_fifo_base_inst/xpm_fifo_rst_inst/wrst_busy                                        |               12 |             45 |         3.75 |
|  top_bd_i/clk_wiz_0/inst/clk_out1 |                                                                                                        |                                                                                                                                                    |               39 |            163 |         4.18 |
+-----------------------------------+--------------------------------------------------------------------------------------------------------+----------------------------------------------------------------------------------------------------------------------------------------------------+------------------+----------------+--------------+


