#-----------------------------------------------------------
# Webtalk v2017.3 (64-bit)
# SW Build 2018833 on Wed Oct  4 19:58:22 MDT 2017
# IP Build 2016188 on Wed Oct  4 21:52:56 MDT 2017
# Start of session at: Thu Feb 28 17:46:22 2019
# Process ID: 10804
# Current directory: C:/Users/nicol/Desktop/POLIMI/Didattica/Digital_Electronic_System_Design/project_1/project_1.sim/sim_1/behav/xsim
# Command line: wbtcv.exe -mode batch -source C:/Users/nicol/Desktop/POLIMI/Didattica/Digital_Electronic_System_Design/project_1/project_1.sim/sim_1/behav/xsim/xsim.dir/tb_top_behav/webtalk/xsim_webtalk.tcl -notrace
# Log file: C:/Users/nicol/Desktop/POLIMI/Didattica/Digital_Electronic_System_Design/project_1/project_1.sim/sim_1/behav/xsim/webtalk.log
# Journal file: C:/Users/nicol/Desktop/POLIMI/Didattica/Digital_Electronic_System_Design/project_1/project_1.sim/sim_1/behav/xsim\webtalk.jou
#-----------------------------------------------------------
source C:/Users/nicol/Desktop/POLIMI/Didattica/Digital_Electronic_System_Design/project_1/project_1.sim/sim_1/behav/xsim/xsim.dir/tb_top_behav/webtalk/xsim_webtalk.tcl -notrace
