#-----------------------------------------------------------
# Vivado v2019.2 (64-bit)
# SW Build 2708876 on Wed Nov  6 21:40:23 MST 2019
# IP Build 2700528 on Thu Nov  7 00:09:20 MST 2019
# Start of session at: Sat Aug 22 17:49:26 2020
# Process ID: 9448
# Current directory: C:/DESD/Projects/VIVADO_03_HardwareDebug_project.xpr/VIVADO_03_HardwareDebug_project
# Command line: vivado.exe -gui_launcher_event rodinguilauncherevent8360 C:\DESD\Projects\VIVADO_03_HardwareDebug_project.xpr\VIVADO_03_HardwareDebug_project\VIVADO_03_HardwareDebug_project.xpr
# Log file: C:/DESD/Projects/VIVADO_03_HardwareDebug_project.xpr/VIVADO_03_HardwareDebug_project/vivado.log
# Journal file: C:/DESD/Projects/VIVADO_03_HardwareDebug_project.xpr/VIVADO_03_HardwareDebug_project\vivado.jou
#-----------------------------------------------------------
start_gui
open_project C:/DESD/Projects/VIVADO_03_HardwareDebug_project.xpr/VIVADO_03_HardwareDebug_project/VIVADO_03_HardwareDebug_project.xpr
update_compile_order -fileset sources_1
open_hw_manager
connect_hw_server -allow_non_jtag
open_hw_target
set_property PROGRAM.FILE {C:/DESD/Projects/VIVADO_03_HardwareDebug_project.xpr/VIVADO_03_HardwareDebug_project/VIVADO_03_HardwareDebug_project.runs/impl_1/counter.bit} [get_hw_devices xc7a35t_0]
set_property PROBES.FILE {C:/DESD/Projects/VIVADO_03_HardwareDebug_project.xpr/VIVADO_03_HardwareDebug_project/VIVADO_03_HardwareDebug_project.runs/impl_1/counter.ltx} [get_hw_devices xc7a35t_0]
set_property FULL_PROBES.FILE {C:/DESD/Projects/VIVADO_03_HardwareDebug_project.xpr/VIVADO_03_HardwareDebug_project/VIVADO_03_HardwareDebug_project.runs/impl_1/counter.ltx} [get_hw_devices xc7a35t_0]
current_hw_device [get_hw_devices xc7a35t_0]
refresh_hw_device [lindex [get_hw_devices xc7a35t_0] 0]
set_property PROBES.FILE {C:/DESD/Projects/VIVADO_03_HardwareDebug_project.xpr/VIVADO_03_HardwareDebug_project/VIVADO_03_HardwareDebug_project.runs/impl_1/counter.ltx} [get_hw_devices xc7a35t_0]
set_property FULL_PROBES.FILE {C:/DESD/Projects/VIVADO_03_HardwareDebug_project.xpr/VIVADO_03_HardwareDebug_project/VIVADO_03_HardwareDebug_project.runs/impl_1/counter.ltx} [get_hw_devices xc7a35t_0]
set_property PROGRAM.FILE {C:/DESD/Projects/VIVADO_03_HardwareDebug_project.xpr/VIVADO_03_HardwareDebug_project/VIVADO_03_HardwareDebug_project.runs/impl_1/counter.bit} [get_hw_devices xc7a35t_0]
program_hw_devices [get_hw_devices xc7a35t_0]
refresh_hw_device [lindex [get_hw_devices xc7a35t_0] 0]
display_hw_ila_data [ get_hw_ila_data hw_ila_data_1 -of_objects [get_hw_ilas -of_objects [get_hw_devices xc7a35t_0] -filter {CELL_NAME=~"u_ila_0"}]]
run_hw_ila [get_hw_ilas -of_objects [get_hw_devices xc7a35t_0] -filter {CELL_NAME=~"u_ila_0"}]
wait_on_hw_ila [get_hw_ilas -of_objects [get_hw_devices xc7a35t_0] -filter {CELL_NAME=~"u_ila_0"}]
display_hw_ila_data [upload_hw_ila_data [get_hw_ilas -of_objects [get_hw_devices xc7a35t_0] -filter {CELL_NAME=~"u_ila_0"}]]
save_wave_config {C:/DESD/Projects/VIVADO_03_HardwareDebug_project.xpr/VIVADO_03_HardwareDebug_project/VIVADO_03_HardwareDebug_project.hw/hw_1/wave/hw_ila_data_1/hw_ila_data_1.wcfg}
